airs/front/content/blog/account-takeover-kayak/index.md
airs/front/content/blog/amsi-bypass/index.md
airs/front/content/blog/another-proud-son-json/index.md
airs/front/content/blog/board-training-nis-2/index.md
airs/front/content/blog/bounty-writeup/index.md
airs/front/content/blog/casa-approved-static-scanning/index.md
airs/front/content/blog/choose-vulnerability-management/index.md
airs/front/content/blog/delimit-ethical-hacking/index.md
airs/front/content/blog/devoops-writeup/index.md
airs/front/content/blog/devsecops-concept/index.md
airs/front/content/blog/fuzzing-sudo/index.md
airs/front/content/blog/fuzzy-bugs-online/index.md
airs/front/content/blog/global-leaders-2018/index.md
airs/front/content/blog/importance-pentesting/index.md
airs/front/content/blog/innovation-understandable/index.md
airs/front/content/blog/insensato-reporte/index.md
airs/front/content/blog/interview-safety-detectives/index.md
airs/front/content/blog/is-csv-secure/index.md
airs/front/content/blog/libssh-bypass-cve/index.md
airs/front/content/blog/national-cybersecurity-strategy/index.md
airs/front/content/blog/optimismo-sesgo/index.md
airs/front/content/blog/penetration-testing-compliance/index.md
airs/front/content/blog/pii-leakage-whitehat/index.md
airs/front/content/blog/relleno-credenciales/index.md
airs/front/content/blog/risk-indicator-roundup/index.md
airs/front/content/blog/sec-new-regulations/index.md
airs/front/content/blog/secure-by-design-and-default/index.md
airs/front/content/blog/solarwinds-attack/index.md
airs/front/content/blog/stand-shoulders-giants/index.md
airs/front/content/blog/storing-password-safely/index.md
airs/front/content/blog/types-of-penetration-testing/index.md
airs/front/content/blog/uxss-to-account-takeover-rushbet/index.md
airs/front/content/blog/vulnerability-assessment/index.md
airs/front/content/blog/vulnerability-disclosure/index.md
airs/front/content/blog/vulnerability-scan/index.md
airs/front/content/blog/vulnserver-gter-no-egghunter/index.md
airs/front/content/blog/what-is-breach-attack-simulation/index.md
airs/front/content/pages/about-us/people/aroldan/index.md
airs/front/content/pages/about-us/people/ccarrasco/index.md
airs/front/content/pages/about-us/people/jarmas/index.md
airs/front/content/pages/about-us/people/ralvarez/index.md
airs/front/content/pages/advisories/armstrong/index.md
airs/front/content/pages/advisories/brown/index.md
airs/front/content/pages/advisories/cerati/index.md
airs/front/content/pages/advisories/cobain/index.md
airs/front/content/pages/advisories/dylan/index.md
airs/front/content/pages/advisories/franklin/index.md
airs/front/content/pages/advisories/gilmour/index.md
airs/front/content/pages/advisories/hendrix/index.md
airs/front/content/pages/advisories/jett/index.md
airs/front/content/pages/advisories/joplin/index.md
airs/front/content/pages/advisories/mercury/index.md
airs/front/content/pages/advisories/morrison/index.md
airs/front/content/pages/advisories/osbourne/index.md
airs/front/content/pages/advisories/policy/index.md
airs/front/content/pages/advisories/porter/index.md
airs/front/content/pages/advisories/prine/index.md
airs/front/content/pages/advisories/simone/index.md
airs/front/content/pages/advisories/spinetta/index.md
airs/front/content/pages/contact-us-demo/index.md
airs/front/content/pages/partners/cgsi/index.md
airs/front/content/pages/privacy/index.md
airs/front/content/pages/platform/index.md
airs/front/content/pages/services/comparative/index.md
airs/front/content/pages/solutions/penetration-testing/index.md
airs/front/content/pages/advisories/fake/index.md
airs/front/content/es/blog/concepto-devsecops/index.md
airs/front/content/es/blog/escaneo-estatico-aprobado-por-casa/index.md
airs/front/content/es/blog/escaneo-de-vulnerabilidades/index.md
airs/README.md
