4th
_coffee
_js
a51
abap
ac
ack
ada
adb
adml
admx
ado
adoc
ads
adso
agda
ahk
ahkl
aj
al
am
ample
ant
apl
apla
aplc
aplf
apli
apln
aplo
appraisals
arcconfig
as
asa
asax
asciidoc
ascx
asd
ashx
asm
asmx
asp
aspx
auk
aux
avsc
aw
awk
axd
axml
b
bas
bash
bat
bazel
bbx
bc
berksfile
bf
bib
blade
bod
bones
boot
brewfile
brs
bst
btm
buck
build
builder
buildfile
builds
bzl
c
c++
cakefile
capfile
cats
cbl
cbx
cc
ccp
ccproj
ccs
ccxml
cdf
cfc
cfm
cfml
cg
cginc
ch
chpl
cii
cin
cjsx
cl
cl2
clang-format
clang-tidy
classpath
clixml
clj
cljc
cljs
cljscm
cljx
cls
cmake
cmd
cob
cobol
coffee
comp
component
config
cpanfile
cpp
cproject
cpy
cql
cr
crystal
cs
cscfg
csdef
csh
cshtml
csl
cson
csproj
ct
ctl
ctp
cu
cuh
cxx
d
da
dangerfile
dart
dcl
def
deliverfile
depproj
dfm
dhall
diff
dita
ditamap
ditaval
dlm
dmap
dmd
do
dockerfile
dofile
doh
dotsettings
dpr
drl
dsr
dt
dtd
dtrace
dtx
dxl
dyalog
dyapp
e
e4
ec
ecpp
ecr
eex
ejs
el
eliom
eliomi
elm
emakefile
erb
erl
es6
escript
ex
exp
expr-dist
exs
eye
f
f77
f83
f90
f95
fastfile
fb
feature
filters
fish
fmt
fnc
fnl
focexec
for
forth
fp
fpm
fr
frag
frg
frm
frt
frx
fs
fsh
fshader
fsi
fsproj
fsx
ft
fth
ftl
ftn
fun
fxh
fxml
g
g4
gant
gawk
gclient
gd
gemfile
gemrc
gemspec
geo
geojson
geom
glade
glsl
glslv
gltf
gmx
gnumakefile
go
god
gql
gradle
graphql
graphqls
groovy
grt
grxml
gshader
gsp
gtpl
guardfile
gvy
gyp
gypi
h
h++
haml
handlebars
har
hb
hbs
hcl
hh
hic
hlean
hlsl
hlsli
hoon
hpp
hrl
hs
hsc
htm
html
htmlhintrc
hx
hxsl
hxx
i
i3
ice
iced
icl
idc
idl
idr
ig
ihlp
il
ils
imba
iml
in1
in2
in3
in4
inc
inf
ini
inl
ino
ins
interface
ipf
ipl
ipp
ipynb
irbrc
ism
itk
ivy
jade
jake
jakefile
jamfile
jamrules
jarfile
java
jbuilder
jcl
jelly
jenkinsfile
jl
js
jsb
jscad
jsf
jsfl
jsm
json
json-tmlanguage
json5
jsonl
jsp
jspf
jsproj
jss
jsx
kermit
kml
kojo
ksc
ksh
kt
ktm
kts
l
lagda
launch
lbx
lean
lektorproject
less
lex
lfe
lgt
lhs
lidr
liquid
lisp
lit
lmi
logtalk
lpr
lsp
ltx
lua
m
m3
m4
ma
make
makefile
mako
mao
markdown
master
mat
mata
matah
mathematica
mavenfile
mawk
mc
mcmeta
md
mdown
mdpolicy
mdwn
mdx
met
mg
miniperl
mipage
mir
mjml
mjs
mk
mkd
mkdn
mkdown
mkii
mkiv
mkvi
ml
ml4
mli
mll
mly
mm
mps
msg
mspec
mt
mth
mustache
mxml
mysql
n
nasm
natvis
nawk
nbp
ndproj
nim
nimble
nimrod
nims
nix
njs
nomad
nproj
nse
nuspec
nut
octave
odd
oscript
osm
p
p6
p8
pac
pad
page
pas
pascal
patch
pbt
pcc
pcl
pd_lua
pde
perl
perl5
perl6
pfo
pgc
ph
phakefile
php
php3
php4
php5
php_cs
phps
phpt
phtml
pig
pkgproj
pl
pl1
plh
plist
plm
plx
pm
pm6
po
podfile
podspec
pom
pp
pprx
prc
prefab
prefs
prg
pro
proj
project
prolog
props
proto
prw
pryrc
ps1
ps1xml
psc1
psd1
psgi
psm1
psql
pt
pug
puppetfile
purs
pxd
pxi
py
py3
pyde
pyi
pyj
pyp
pyt
python
python3
pyw
pyx
qbs
qml
r
rabl
rake
rakefile
raku
rakudo
rakumod
raml
rb
rbuild
rbw
rbx
rbxs
rc
rc2
rd
rdf
re
reek
regina
rei
rest
resx
rex
rexfile
rexx
rhtml
rkt
rktd
rktl
rmd
robot
ronn
rou
rprofile
rs
rss
rst
rsx
ru
ruby
rviz
rx
s
sas
sbl
sbt
sc
sca
scala
sch
scm
sconscript
sconstruct
scrbl
scxml
sdl
sdt
sed
ses
sfproj
sh
shader
shproj
sig
sitemap
sjs
sld
slim
sls
smarty
sml
snakefile
snapfile
sol
sp
spc
spd
sps
sql
sra
srdf
srf
srm
srs
sru
srw
ss
ssc
ssjs
sss
sst
st
startup
sthlp
storyboard
sttheme
sty
styl
sublime-snippet
sublime-syntax
sv
svelte
svh
swift
swipl
syntax
tab
tac
targets
tcc
tcl
tclsh
tcsh
tern-config
tern-project
tesc
tese
tex
tf
tfstate
tfvars
thor
thorfile
thrift
tk
tmcommand
tml
tmlanguage
tmpreferences
tmsnippet
tmtheme
toml
topojson
tpd
tpl
tpp
trg
trigger
ts
tss
tsx
ttcn
ttcn2
ttcn3
ttcnpp
twig
udf
ui
urdf
ux
v
vagrantfile
vala
vapi
vb
vba
vbhtml
vbp
vbproj
vbs
vbw
vcproj
vcxproj
vert
vhd
vhdl
vhf
vhi
vho
vhs
vht
vhw
vim
viw
vm
vrx
vsh
vshader
vsixmanifest
vssettings
vstemplate
vue
vxml
wast
wat
watchmanconfig
watchr
wdproj
webapp
webinfo
webmanifest
wish
wixproj
wl
wlt
wlua
workbook
workspace
wscript
wsf
wsgi
wxi
wxl
wxs
x3d
xacro
xaml
xht
xhtml
xib
xlf
xliff
xmi
xml
xproj
xpy
xq
xql
xqm
xquery
xqy
xrl
xsd
xsjs
xsjslib
xsl
xslt
xspec
xtend
xul
y
yacc
yaml
yaml-tmlanguage
yap
yml
yrl
yyp
zcml
zsh
